## 2.2. -XX:+UseConcMarkSweepGC：新生代使用 ParNew 并行收集器,老年代使用 CMS.
### 1.回收堆
```
test01()
-XX:+UseConcMarkSweepGC -Xmx20m -Xms20m -Xmn1m   -XX:SurvivorRatio=2 -XX:+PrintGCDetails

[GC (Allocation Failure) [ParNew: 511K->256K(768K), 0.0008935 secs] 511K->446K(20224K), 0.0009483 secs] [Times: user=0.00 sys=0.00, real=0.00 secs] 
[GC (Allocation Failure) [ParNew: 768K->242K(768K), 0.0007084 secs] 958K->688K(20224K), 0.0007422 secs] [Times: user=0.00 sys=0.00, real=0.00 secs] 
[GC (Allocation Failure) [ParNew: 754K->220K(768K), 0.0004096 secs] 1200K->666K(20224K), 0.0004463 secs] [Times: user=0.00 sys=0.00, real=0.00 secs] 
[GC (Allocation Failure) [ParNew: 725K->230K(768K), 0.0005258 secs] 1171K->778K(20224K), 0.0005612 secs] [Times: user=0.00 sys=0.00, real=0.00 secs] [GC (Allocation Failure) [ParNew: 742K->223K(768K), 0.0003765 secs] 1290K->831K(20224K), 0.0004061 secs] [Times: user=0.00 sys=0.00, real=0.00 secs] 
[GC (Allocation Failure) [ParNew: 735K->109K(768K), 0.0034317 secs] 1343K->805K(20224K), 0.0034812 secs] [Times: user=0.00 sys=0.00, real=0.00 secs] 
[GC (Allocation Failure) [ParNew: 621K->225K(768K), 0.0004428 secs] 1317K->920K(20224K), 0.0004774 secs] [Times: user=0.00 sys=0.00, real=0.00 secs] 
[GC (Allocation Failure) [ParNew: 737K->188K(768K), 0.0010342 secs] 1432K->1084K(20224K), 0.0010694 secs] [Times: user=0.00 sys=0.00, real=0.00 secs] 
[GC (Allocation Failure) [ParNew: 689K->142K(768K), 0.0004935 secs] 1584K->1038K(20224K), 0.0005284 secs] [Times: user=0.00 sys=0.00, real=0.00 secs] 
[GC (Allocation Failure) [ParNew: 654K->140K(768K), 0.0003926 secs] 1550K->1035K(20224K), 0.0004264 secs] [Times: user=0.00 sys=0.00, real=0.00 secs] 
[GC (Allocation Failure) [ParNew: 648K->126K(768K), 0.0003501 secs] 1544K->1021K(20224K), 0.0003853 secs] [Times: user=0.00 sys=0.00, real=0.00 secs] 
[GC (Allocation Failure) [ParNew: 638K->118K(768K), 0.0003642 secs] 1533K->1014K(20224K), 0.0004000 secs] [Times: user=0.00 sys=0.00, real=0.00 secs] [GC (Allocation Failure) [ParNew: 630K->146K(768K), 0.0023863 secs] 1526K->1042K(20224K), 0.0024312 secs] [Times: user=0.00 sys=0.00, real=0.00 secs] [GC (Allocation Failure) [ParNew: 658K->153K(768K), 0.0005976 secs][CMS: 18331K->18430K(19456K), 0.0078598 secs] 18962K->18430K(20224K), [Metaspace: 5199K->5199K(1056768K)], 0.0085245 secs] [Times: user=0.02 sys=0.00, real=0.01 secs] 
[Full GC (Allocation Failure) [CMS: 18430K->18373K(19456K), 0.0080123 secs] 18430K->18373K(20224K), [Metaspace: 5199K->5199K(1056768K)], 0.0080650 secs] [Times: user=0.00 sys=0.00, real=0.01 secs] 

// 1.初始化标记 (CMS Initial Mark)
[GC (CMS Initial Mark) [1 CMS-initial-mark: 18373K(19456K)] 18551K(20224K), 0.0004560 secs] [Times: user=0.00 sys=0.00, real=0.00 secs]

// 2.并发标记 (CMS-concurrent-mark-start, CMS-concurrent-mark) 
[CMS-concurrent-mark-start]
[CMS-concurrent-mark: 0.001/0.001 secs] [Times: user=0.00 sys=0.00, real=0.00 secs]

// 3.预清理 [CMS-concurrent-preclean-start] [CMS-concurrent-preclean]
[CMS-concurrent-preclean-start]
[CMS-concurrent-preclean: 0.000/0.000 secs] [Times: user=0.00 sys=0.00, real=0.00 secs]

// 4.重新标记 (CMS Final Remark)
[GC (CMS Final Remark) [YG occupancy: 265 K (768 K)][Rescan (parallel) , 0.0009251 secs][weak refs processing, 0.0000243 secs][class unloading, 0.0007738 secs][scrub symbol table, 0.0006750 secs][scrub string table, 0.0001331 secs][1 CMS-remark: 18373K(19456K)] 18639K(20224K), 0.0026696 secs] [Times: user=0.00 sys=0.00, real=0.00 secs] 

java.lang.OutOfMemoryError: Java heap space

	at com.zc.jvm.ch05.t01serial.T01Serial.test01(T01Serial.java:49)
	at sun.reflect.NativeMethodAccessorImpl.invoke0(Native Method)
	at sun.reflect.NativeMethodAccessorImpl.invoke(NativeMethodAccessorImpl.java:62)
	at sun.reflect.DelegatingMethodAccessorImpl.invoke(DelegatingMethodAccessorImpl.java:43)
	at java.lang.reflect.Method.invoke(Method.java:498)
	at org.junit.runners.model.FrameworkMethod$1.runReflectiveCall(FrameworkMethod.java:50)
	at org.junit.internal.runners.model.ReflectiveCallable.run(ReflectiveCallable.java:12)
	at org.junit.runners.model.FrameworkMethod.invokeExplosively(FrameworkMethod.java:47)
	at org.junit.internal.runners.statements.InvokeMethod.evaluate(InvokeMethod.java:17)
	at org.junit.runners.ParentRunner.runLeaf(ParentRunner.java:325)
	at org.junit.runners.BlockJUnit4ClassRunner.runChild(BlockJUnit4ClassRunner.java:78)
	at org.junit.runners.BlockJUnit4ClassRunner.runChild(BlockJUnit4ClassRunner.java:57)
	at org.junit.runners.ParentRunner$3.run(ParentRunner.java:290)
	at org.junit.runners.ParentRunner$1.schedule(ParentRunner.java:71)
	at org.junit.runners.ParentRunner.runChildren(ParentRunner.java:288)
	at org.junit.runners.ParentRunner.access$000(ParentRunner.java:58)
	at org.junit.runners.ParentRunner$2.evaluate(ParentRunner.java:268)
	at org.junit.runners.ParentRunner.run(ParentRunner.java:363)
	at org.junit.runner.JUnitCore.run(JUnitCore.java:137)
	at com.intellij.junit4.JUnit4IdeaTestRunner.startRunnerWithArgs(JUnit4IdeaTestRunner.java:68)
	at com.intellij.rt.execution.junit.IdeaTestRunner$Repeater.startRunnerWithArgs(IdeaTestRunner.java:47)
	at com.intellij.rt.execution.junit.JUnitStarter.prepareStreamsAndStart(JUnitStarter.java:242)
	at com.intellij.rt.execution.junit.JUnitStarter.main(JUnitStarter.java:70)
	
// 5.并发清理 [CMS-concurrent-sweep-start] [CMS-concurrent-sweep]
[CMS-concurrent-sweep-start]
[CMS-concurrent-sweep: 0.001/0.001 secs] [Times: user=0.00 sys=0.00, real=0.00 secs] 

// 6.重发重置 [CMS-concurrent-reset-start] [CMS-concurrent-reset]
[CMS-concurrent-reset-start]
[CMS-concurrent-reset: 0.000/0.000 secs] [Times: user=0.00 sys=0.00, real=0.00 secs] 
Heap
 par new generation   total 768K, used 372K [0x00000000fec00000, 0x00000000fed00000, 0x00000000fed00000)
  eden space 512K,  72% used [0x00000000fec00000, 0x00000000fec5d348, 0x00000000fec80000)
  from space 256K,   0% used [0x00000000fec80000, 0x00000000fec80000, 0x00000000fecc0000)
  to   space 256K,   0% used [0x00000000fecc0000, 0x00000000fecc0000, 0x00000000fed00000)
 concurrent mark-sweep generation total 19456K, used 941K [0x00000000fed00000, 0x0000000100000000, 0x0000000100000000)
 Metaspace       used 5265K, capacity 5418K, committed 5632K, reserved 1056768K
  class space    used 611K, capacity 658K, committed 768K, reserved 1048576K

Process finished with exit code -1
```
### 回收方法区
```
PermTest
-XX:+PrintGCDetails -XX:MetaspaceSize=15M -XX:MaxMetaspaceSize=15M  -XX:+UseConcMarkSweepGC -XX:+CMSClassUnloadingEnabled

[Full GC (Metadata GC Threshold) [CMS: 0K->1886K(131072K), 0.0195521 secs] 19959K->1886K(190080K), [Metaspace: 5977K->5977K(1060864K)], 0.0208379 secs] [Times: user=0.02 sys=0.00, real=0.02 secs] 
[GC (CMS Initial Mark) [1 CMS-initial-mark: 1886K(131072K)] 2937K(190144K), 0.0001152 secs] [Times: user=0.00 sys=0.00, real=0.00 secs] 
[CMS-concurrent-mark-start]
[CMS-concurrent-mark: 0.008/0.008 secs] [Times: user=0.05 sys=0.00, real=0.01 secs] 
[CMS-concurrent-preclean-start]
[CMS-concurrent-preclean: 0.001/0.001 secs] [Times: user=0.00 sys=0.00, real=0.00 secs] 
[GC (CMS Final Remark) [YG occupancy: 1050 K (59072 K)][Rescan (parallel) , 0.0005105 secs][weak refs processing, 0.0000073 secs][class unloading, 0.0005272 secs][scrub symbol table, 0.0005929 secs][scrub string table, 0.0001009 secs][1 CMS-remark: 1886K(131072K)] 2937K(190144K), 0.0018151 secs] [Times: user=0.00 sys=0.00, real=0.00 secs] 
[CMS-concurrent-sweep-start]
[CMS-concurrent-sweep: 0.001/0.001 secs] [Times: user=0.00 sys=0.00, real=0.00 secs] 
[CMS-concurrent-reset-start]
[CMS-concurrent-reset: 0.003/0.003 secs] [Times: user=0.00 sys=0.00, real=0.00 secs] 
[Full GC (Metadata GC Threshold) [CMS: 1496K->1568K(131072K), 0.0125568 secs] 15158K->1568K(190144K), [Metaspace: 5982K->5982K(1060864K)], 0.0138702 secs] [Times: user=0.03 sys=0.00, real=0.01 secs] 
[GC (CMS Initial Mark) [1 CMS-initial-mark: 1568K(131072K)] 3670K(190144K), 0.0002053 secs] [Times: user=0.00 sys=0.00, real=0.00 secs] 
[CMS-concurrent-mark-start]
[CMS-concurrent-mark: 0.007/0.007 secs] [Times: user=0.05 sys=0.00, real=0.01 secs] 
[CMS-concurrent-preclean-start]
[CMS-concurrent-preclean: 0.000/0.000 secs] [Times: user=0.00 sys=0.00, real=0.00 secs] 
[CMS-concurrent-abortable-preclean-start]
[Full GC (Metadata GC Threshold) [CMS[CMS-concurrent-abortable-preclean: 0.000/0.094 secs] [Times: user=0.11 sys=0.00, real=0.10 secs] 
 (concurrent mode failure): 1568K->1569K(131072K), 0.0135705 secs] 16281K->1569K(190144K), [Metaspace: 5982K->5982K(1060864K)], 0.0152788 secs] [Times: user=0.02 sys=0.00, real=0.01 secs] 
[Full GC (Metadata GC Threshold) [CMS: 1569K->1572K(131072K), 0.0134731 secs] 15230K->1572K(190144K), [Metaspace: 5982K->5982K(1060864K)], 0.0149255 secs] [Times: user=0.01 sys=0.00, real=0.01 secs] 
[GC (CMS Initial Mark) [1 CMS-initial-mark: 1572K(131072K)] 2623K(190144K), 0.0001988 secs] [Times: user=0.00 sys=0.00, real=0.00 secs] 
[CMS-concurrent-mark-start]
[CMS-concurrent-mark: 0.007/0.007 secs] [Times: user=0.00 sys=0.00, real=0.01 secs] 
[CMS-concurrent-preclean-start]
[CMS-concurrent-preclean: 0.000/0.000 secs] [Times: user=0.00 sys=0.00, real=0.00 secs] 
[CMS-concurrent-abortable-preclean-start]
[Full GC (Metadata GC Threshold) [CMS[CMS-concurrent-abortable-preclean: 0.000/0.086 secs] [Times: user=0.19 sys=0.00, real=0.09 secs] 
 (concurrent mode failure): 1572K->1572K(131072K), 0.0138787 secs] 15234K->1572K(190144K), [Metaspace: 5982K->5982K(1060864K)], 0.0151750 secs] [Times: user=0.01 sys=0.00, real=0.02 secs] 
[Full GC (Metadata GC Threshold) [CMS: 1572K->1573K(131072K), 0.0143827 secs] 16285K->1573K(190144K), [Metaspace: 5982K->5982K(1060864K)], 0.0158544 secs] [Times: user=0.01 sys=0.00, real=0.02 secs] 
[GC (CMS Initial Mark) [1 CMS-initial-mark: 1573K(131072K)] 2624K(190144K), 0.0001167 secs] [Times: user=0.00 sys=0.00, real=0.00 secs] 
[CMS-concurrent-mark-start]
[CMS-concurrent-mark: 0.008/0.008 secs] [Times: user=0.02 sys=0.00, real=0.01 secs] 
[CMS-concurrent-preclean-start]
[CMS-concurrent-preclean: 0.001/0.001 secs] [Times: user=0.00 sys=0.00, real=0.00 secs] 
[GC (CMS Final Remark) [YG occupancy: 1050 K (59072 K)][Rescan (parallel) , 0.0010122 secs][weak refs processing, 0.0000082 secs][class unloading, 0.0006293 secs][scrub symbol table, 0.0006205 secs][scrub string table, 0.0001149 secs][1 CMS-remark: 1573K(131072K)] 2624K(190144K), 0.0024799 secs] [Times: user=0.00 sys=0.00, real=0.00 secs] 
[CMS-concurrent-sweep-start]
[CMS-concurrent-sweep: 0.000/0.000 secs] [Times: user=0.00 sys=0.00, real=0.00 secs] 
[CMS-concurrent-reset-start]
[CMS-concurrent-reset: 0.003/0.003 secs] [Times: user=0.00 sys=0.00, real=0.00 secs] 
[Full GC (Metadata GC Threshold) [CMS: 1573K->1575K(131072K), 0.0150563 secs] 15235K->1575K(190144K), [Metaspace: 5982K->5982K(1060864K)], 0.0166245 secs] [Times: user=0.02 sys=0.00, real=0.02 secs] 
[GC (CMS Initial Mark) [1 CMS-initial-mark: 1575K(131072K)] 2626K(190144K), 0.0001220 secs] [Times: user=0.00 sys=0.00, real=0.00 secs] 
[CMS-concurrent-mark-start]
[CMS-concurrent-mark: 0.008/0.008 secs] [Times: user=0.05 sys=0.00, real=0.01 secs] 
[CMS-concurrent-preclean-start]
[CMS-concurrent-preclean: 0.001/0.001 secs] [Times: user=0.00 sys=0.00, real=0.00 secs] 
[GC (CMS Final Remark) [YG occupancy: 8407 K (59072 K)][Rescan (parallel) , 0.0019890 secs][weak refs processing, 0.0000091 secs][class unloading, 0.0011304 secs][scrub symbol table, 0.0007231 secs][scrub string table, 0.0001161 secs][1 CMS-remark: 1575K(131072K)] 9983K(190144K), 0.0041096 secs] [Times: user=0.00 sys=0.00, real=0.00 secs] 
[CMS-concurrent-sweep-start]
[CMS-concurrent-sweep: 0.000/0.000 secs] [Times: user=0.00 sys=0.00, real=0.00 secs] 
[CMS-concurrent-reset-start]
[CMS-concurrent-reset: 0.003/0.003 secs] [Times: user=0.06 sys=0.00, real=0.00 secs] 
[Full GC (Metadata GC Threshold) [CMS: 1574K->1575K(131072K), 0.0146889 secs] 15239K->1575K(190144K), [Metaspace: 5982K->5982K(1060864K)], 0.0161371 secs] [Times: user=0.05 sys=0.00, real=0.02 secs] 
[GC (CMS Initial Mark) [1 CMS-initial-mark: 1575K(131072K)] 3678K(190144K), 0.0006821 secs] [Times: user=0.00 sys=0.00, real=0.00 secs] 
[CMS-concurrent-mark-start]
[CMS-concurrent-mark: 0.008/0.008 secs] [Times: user=0.00 sys=0.00, real=0.01 secs] 
[CMS-concurrent-preclean-start]
[CMS-concurrent-preclean: 0.000/0.000 secs] [Times: user=0.00 sys=0.00, real=0.00 secs] 
[CMS-concurrent-abortable-preclean-start]
[Full GC (Metadata GC Threshold) [CMS[CMS-concurrent-abortable-preclean: 0.000/0.075 secs] [Times: user=0.14 sys=0.00, real=0.08 secs] 
 (concurrent mode failure): 1575K->1576K(131072K), 0.0144610 secs] 15239K->1576K(190144K), [Metaspace: 5982K->5982K(1060864K)], 0.0159210 secs] [Times: user=0.01 sys=0.00, real=0.02 secs] 
[Full GC (Metadata GC Threshold) [CMS: 1576K->1576K(131072K), 0.0120237 secs] 15240K->1576K(190144K), [Metaspace: 5982K->5982K(1060864K)], 0.0133573 secs] [Times: user=0.00 sys=0.00, real=0.01 secs] 
[GC (CMS Initial Mark) [1 CMS-initial-mark: 1576K(131072K)] 2627K(190144K), 0.0001026 secs] [Times: user=0.00 sys=0.00, real=0.00 secs] 
[CMS-concurrent-mark-start]
[CMS-concurrent-mark: 0.007/0.007 secs] [Times: user=0.03 sys=0.00, real=0.01 secs] 
[CMS-concurrent-preclean-start]
[CMS-concurrent-preclean: 0.000/0.000 secs] [Times: user=0.00 sys=0.00, real=0.00 secs] 
[CMS-concurrent-abortable-preclean-start]
[Full GC (Metadata GC Threshold) [CMS[CMS-concurrent-abortable-preclean: 0.000/0.062 secs] [Times: user=0.06 sys=0.00, real=0.06 secs] 
 (concurrent mode failure): 1576K->1576K(131072K), 0.0122304 secs] 15240K->1576K(190144K), [Metaspace: 5982K->5982K(1060864K)], 0.0136194 secs] [Times: user=0.02 sys=0.00, real=0.01 secs] 
[Full GC (Metadata GC Threshold) [CMS: 1576K->1576K(131072K), 0.0134502 secs] 15240K->1576K(190144K), [Metaspace: 5982K->5982K(1060864K)], 0.0149454 secs] [Times: user=0.02 sys=0.00, real=0.02 secs] 
[GC (CMS Initial Mark) [1 CMS-initial-mark: 1576K(131072K)] 2627K(190144K), 0.0001622 secs] [Times: user=0.00 sys=0.00, real=0.00 secs] 
[CMS-concurrent-mark-start]
[CMS-concurrent-mark: 0.007/0.007 secs] [Times: user=0.03 sys=0.00, real=0.01 secs] 
[CMS-concurrent-preclean-start]
[CMS-concurrent-preclean: 0.001/0.001 secs] [Times: user=0.00 sys=0.00, real=0.00 secs] 
[CMS-concurrent-abortable-preclean-start]
[Full GC (Metadata GC Threshold) [CMS[CMS-concurrent-abortable-preclean: 0.000/0.063 secs] [Times: user=0.06 sys=0.00, real=0.06 secs] 
 (concurrent mode failure): 1576K->1576K(131072K), 0.0121970 secs] 15240K->1576K(190144K), [Metaspace: 5982K->5982K(1060864K)], 0.0139534 secs] [Times: user=0.02 sys=0.00, real=0.01 secs] 
[Full GC (Metadata GC Threshold) [CMS: 1576K->1576K(131072K), 0.0113877 secs] 15240K->1576K(190144K), [Metaspace: 5982K->5982K(1060864K)], 0.0127233 secs] [Times: user=0.02 sys=0.00, real=0.01 secs] 
[GC (CMS Initial Mark) [1 CMS-initial-mark: 1576K(131072K)] 2627K(190144K), 0.0002190 secs] [Times: user=0.00 sys=0.00, real=0.00 secs] 
[CMS-concurrent-mark-start]
[CMS-concurrent-mark: 0.007/0.007 secs] [Times: user=0.02 sys=0.00, real=0.01 secs] 
[CMS-concurrent-preclean-start]
[CMS-concurrent-preclean: 0.000/0.000 secs] [Times: user=0.00 sys=0.00, real=0.00 secs] 
[CMS-concurrent-abortable-preclean-start]
[Full GC (Metadata GC Threshold) [CMS[CMS-concurrent-abortable-preclean: 0.000/0.065 secs] [Times: user=0.06 sys=0.00, real=0.07 secs] 
 (concurrent mode failure): 1576K->1576K(131072K), 0.0133857 secs] 15240K->1576K(190144K), [Metaspace: 5982K->5982K(1060864K)], 0.0147891 secs] [Times: user=0.02 sys=0.00, real=0.02 secs] 
[Full GC (Metadata GC Threshold) [CMS: 1576K->1576K(131072K), 0.0125330 secs] 15240K->1576K(190144K), [Metaspace: 5982K->5982K(1060864K)], 0.0139179 secs] [Times: user=0.02 sys=0.00, real=0.01 secs] 
[GC (CMS Initial Mark) [1 CMS-initial-mark: 1576K(131072K)] 2627K(190144K), 0.0001924 secs] [Times: user=0.00 sys=0.00, real=0.00 secs] 
[CMS-concurrent-mark-start]
[CMS-concurrent-mark: 0.007/0.007 secs] [Times: user=0.03 sys=0.00, real=0.01 secs] 
[CMS-concurrent-preclean-start]
[CMS-concurrent-preclean: 0.000/0.000 secs] [Times: user=0.00 sys=0.00, real=0.00 secs] 
[CMS-concurrent-abortable-preclean-start]
[Full GC (Metadata GC Threshold) [CMS[CMS-concurrent-abortable-preclean: 0.000/0.062 secs] [Times: user=0.06 sys=0.00, real=0.06 secs] 
 (concurrent mode failure): 1576K->1576K(131072K), 0.0124324 secs] 15240K->1576K(190144K), [Metaspace: 5982K->5982K(1060864K)], 0.0140396 secs] [Times: user=0.02 sys=0.00, real=0.01 secs] 
[Full GC (Metadata GC Threshold) [CMS: 1576K->1576K(131072K), 0.0143915 secs] 15240K->1576K(190144K), [Metaspace: 5982K->5982K(1060864K)], 0.0158216 secs] [Times: user=0.02 sys=0.00, real=0.02 secs] 
[GC (CMS Initial Mark) [1 CMS-initial-mark: 1576K(131072K)] 2627K(190144K), 0.0001724 secs] [Times: user=0.00 sys=0.00, real=0.00 secs] 
[CMS-concurrent-mark-start]
[CMS-concurrent-mark: 0.007/0.007 secs] [Times: user=0.03 sys=0.00, real=0.01 secs] 
[CMS-concurrent-preclean-start]
[CMS-concurrent-preclean: 0.000/0.000 secs] [Times: user=0.00 sys=0.00, real=0.00 secs] 
[CMS-concurrent-abortable-preclean-start]
[Full GC (Metadata GC Threshold) [CMS[CMS-concurrent-abortable-preclean: 0.000/0.064 secs] [Times: user=0.06 sys=0.00, real=0.06 secs] 
 (concurrent mode failure): 1576K->1576K(131072K), 0.0121492 secs] 15240K->1576K(190144K), [Metaspace: 5982K->5982K(1060864K)], 0.0135628 secs] [Times: user=0.02 sys=0.00, real=0.01 secs] 
[Full GC (Metadata GC Threshold) [CMS: 1576K->1576K(131072K), 0.0123383 secs] 15240K->1576K(190144K), [Metaspace: 5982K->5982K(1060864K)], 0.0139977 secs] [Times: user=0.02 sys=0.00, real=0.01 secs] 
[GC (CMS Initial Mark) [1 CMS-initial-mark: 1576K(131072K)] 2627K(190144K), 0.0002023 secs] [Times: user=0.00 sys=0.00, real=0.00 secs] 
[CMS-concurrent-mark-start]
[CMS-concurrent-mark: 0.007/0.007 secs] [Times: user=0.03 sys=0.00, real=0.01 secs] 
[CMS-concurrent-preclean-start]
[CMS-concurrent-preclean: 0.000/0.000 secs] [Times: user=0.00 sys=0.00, real=0.00 secs] 
[CMS-concurrent-abortable-preclean-start]
[Full GC (Metadata GC Threshold) [CMS[CMS-concurrent-abortable-preclean: 0.000/0.065 secs] [Times: user=0.06 sys=0.00, real=0.07 secs] 
 (concurrent mode failure): 1576K->1576K(131072K), 0.0131494 secs] 15240K->1576K(190144K), [Metaspace: 5982K->5982K(1060864K)], 0.0149712 secs] [Times: user=0.01 sys=0.00, real=0.01 secs] 
[Full GC (Metadata GC Threshold) [CMS: 1576K->1576K(131072K), 0.0120345 secs] 15240K->1576K(190144K), [Metaspace: 5982K->5982K(1060864K)], 0.0134813 secs] [Times: user=0.01 sys=0.00, real=0.01 secs] 
[GC (CMS Initial Mark) [1 CMS-initial-mark: 1576K(131072K)] 2627K(190144K), 0.0002231 secs] [Times: user=0.00 sys=0.00, real=0.00 secs] 
[CMS-concurrent-mark-start]
[CMS-concurrent-mark: 0.007/0.007 secs] [Times: user=0.03 sys=0.00, real=0.01 secs] 
[CMS-concurrent-preclean-start]
[CMS-concurrent-preclean: 0.000/0.000 secs] [Times: user=0.00 sys=0.00, real=0.00 secs] 
[CMS-concurrent-abortable-preclean-start]
[Full GC (Metadata GC Threshold) [CMS[CMS-concurrent-abortable-preclean: 0.000/0.063 secs] [Times: user=0.06 sys=0.00, real=0.06 secs] 
 (concurrent mode failure): 1576K->1576K(131072K), 0.0121949 secs] 15240K->1576K(190144K), [Metaspace: 5982K->5982K(1060864K)], 0.0135693 secs] [Times: user=0.01 sys=0.00, real=0.01 secs] 
[Full GC (Metadata GC Threshold) [CMS: 1576K->1576K(131072K), 0.0126521 secs] 15240K->1576K(190144K), [Metaspace: 5982K->5982K(1060864K)], 0.0147619 secs] [Times: user=0.01 sys=0.00, real=0.01 secs] 
[GC (CMS Initial Mark) [1 CMS-initial-mark: 1576K(131072K)] 2627K(190144K), 0.0001777 secs] [Times: user=0.00 sys=0.00, real=0.00 secs] 
[CMS-concurrent-mark-start]
[CMS-concurrent-mark: 0.007/0.007 secs] [Times: user=0.03 sys=0.00, real=0.01 secs] 
[CMS-concurrent-preclean-start]
[CMS-concurrent-preclean: 0.001/0.001 secs] [Times: user=0.00 sys=0.00, real=0.00 secs] 
[CMS-concurrent-abortable-preclean-start]
[Full GC (Metadata GC Threshold) [CMS[CMS-concurrent-abortable-preclean: 0.000/0.065 secs] [Times: user=0.06 sys=0.00, real=0.06 secs] 
 (concurrent mode failure): 1576K->1576K(131072K), 0.0119800 secs] 15240K->1576K(190144K), [Metaspace: 5982K->5982K(1060864K)], 0.0133608 secs] [Times: user=0.02 sys=0.00, real=0.01 secs] 
[Full GC (Metadata GC Threshold) [CMS: 1576K->1576K(131072K), 0.0115856 secs] 15240K->1576K(190144K), [Metaspace: 5982K->5982K(1060864K)], 0.0129960 secs] [Times: user=0.02 sys=0.00, real=0.01 secs] 
[GC (CMS Initial Mark) [1 CMS-initial-mark: 1576K(131072K)] 2627K(190144K), 0.0002331 secs] [Times: user=0.00 sys=0.00, real=0.00 secs] 
[CMS-concurrent-mark-start]
[CMS-concurrent-mark: 0.007/0.007 secs] [Times: user=0.00 sys=0.00, real=0.01 secs] 
[CMS-concurrent-preclean-start]
[CMS-concurrent-preclean: 0.000/0.000 secs] [Times: user=0.00 sys=0.00, real=0.00 secs] 
[CMS-concurrent-abortable-preclean-start]
[Full GC (Metadata GC Threshold) [CMS[CMS-concurrent-abortable-preclean: 0.000/0.065 secs] [Times: user=0.08 sys=0.00, real=0.07 secs] 
 (concurrent mode failure): 1576K->1576K(131072K), 0.0130441 secs] 15240K->1576K(190144K), [Metaspace: 5982K->5982K(1060864K)], 0.0144651 secs] [Times: user=0.01 sys=0.00, real=0.01 secs] 
[Full GC (Metadata GC Threshold) [CMS: 1576K->1576K(131072K), 0.0121187 secs] 15240K->1576K(190144K), [Metaspace: 5982K->5982K(1060864K)], 0.0135309 secs] [Times: user=0.02 sys=0.00, real=0.01 secs] 
[GC (CMS Initial Mark) [1 CMS-initial-mark: 1576K(131072K)] 2627K(190144K), 0.0001026 secs] [Times: user=0.00 sys=0.00, real=0.00 secs] 
[CMS-concurrent-mark-start]
[CMS-concurrent-mark: 0.007/0.007 secs] [Times: user=0.03 sys=0.00, real=0.01 secs] 
[CMS-concurrent-preclean-start]
[CMS-concurrent-preclean: 0.000/0.000 secs] [Times: user=0.00 sys=0.00, real=0.00 secs] 
[CMS-concurrent-abortable-preclean-start]
[Full GC (Metadata GC Threshold) [CMS[CMS-concurrent-abortable-preclean: 0.000/0.063 secs] [Times: user=0.06 sys=0.00, real=0.06 secs] 
 (concurrent mode failure): 1576K->1576K(131072K), 0.0121600 secs] 15240K->1576K(190144K), [Metaspace: 5982K->5982K(1060864K)], 0.0135279 secs] [Times: user=0.00 sys=0.00, real=0.01 secs] 
[Full GC (Metadata GC Threshold) [CMS: 1576K->1576K(131072K), 0.0134737 secs] 15240K->1576K(190144K), [Metaspace: 5982K->5982K(1060864K)], 0.0148786 secs] [Times: user=0.02 sys=0.00, real=0.02 secs] 
[GC (CMS Initial Mark) [1 CMS-initial-mark: 1576K(131072K)] 2627K(190144K), 0.0001833 secs] [Times: user=0.00 sys=0.00, real=0.00 secs] 
[CMS-concurrent-mark-start]
[CMS-concurrent-mark: 0.008/0.008 secs] [Times: user=0.03 sys=0.00, real=0.01 secs] 
[CMS-concurrent-preclean-start]
[CMS-concurrent-preclean: 0.000/0.000 secs] [Times: user=0.00 sys=0.00, real=0.00 secs] 
[CMS-concurrent-abortable-preclean-start]
[Full GC (Metadata GC Threshold) [CMS[CMS-concurrent-abortable-preclean: 0.000/0.063 secs] [Times: user=0.06 sys=0.00, real=0.06 secs] 
 (concurrent mode failure): 1576K->1576K(131072K), 0.0118137 secs] 15240K->1576K(190144K), [Metaspace: 5982K->5982K(1060864K)], 0.0131978 secs] [Times: user=0.00 sys=0.00, real=0.01 secs] 
[Full GC (Metadata GC Threshold) [CMS: 1576K->1576K(131072K), 0.0121908 secs] 15240K->1576K(190144K), [Metaspace: 5982K->5982K(1060864K)], 0.0135664 secs] [Times: user=0.02 sys=0.00, real=0.01 secs] 
[GC (CMS Initial Mark) [1 CMS-initial-mark: 1576K(131072K)] 2627K(190144K), 0.0001516 secs] [Times: user=0.00 sys=0.00, real=0.00 secs] 
[CMS-concurrent-mark-start]
[CMS-concurrent-mark: 0.007/0.007 secs] [Times: user=0.00 sys=0.00, real=0.01 secs] 
[CMS-concurrent-preclean-start]
[CMS-concurrent-preclean: 0.000/0.000 secs] [Times: user=0.00 sys=0.00, real=0.00 secs] 
[CMS-concurrent-abortable-preclean-start]
[Full GC (Metadata GC Threshold) [CMS[CMS-concurrent-abortable-preclean: 0.000/0.063 secs] [Times: user=0.06 sys=0.00, real=0.06 secs] 
 (concurrent mode failure): 1576K->1576K(131072K), 0.0125210 secs] 15240K->1576K(190144K), [Metaspace: 5982K->5982K(1060864K)], 0.0145959 secs] [Times: user=0.02 sys=0.00, real=0.01 secs] 
[Full GC (Metadata GC Threshold) [CMS: 1576K->1576K(131072K), 0.0115648 secs] 15240K->1576K(190144K), [Metaspace: 5982K->5982K(1060864K)], 0.0129535 secs] [Times: user=0.02 sys=0.00, real=0.01 secs] 
[GC (CMS Initial Mark) [1 CMS-initial-mark: 1576K(131072K)] 2627K(190144K), 0.0001648 secs] [Times: user=0.00 sys=0.00, real=0.00 secs] 
[CMS-concurrent-mark-start]
[CMS-concurrent-mark: 0.007/0.007 secs] [Times: user=0.00 sys=0.00, real=0.01 secs] 
[CMS-concurrent-preclean-start]
[CMS-concurrent-preclean: 0.000/0.000 secs] [Times: user=0.00 sys=0.00, real=0.00 secs] 
[CMS-concurrent-abortable-preclean-start]
[Full GC (Metadata GC Threshold) [CMS[CMS-concurrent-abortable-preclean: 0.000/0.063 secs] [Times: user=0.05 sys=0.01, real=0.06 secs] 
 (concurrent mode failure): 1576K->1576K(131072K), 0.0120125 secs] 15240K->1576K(190144K), [Metaspace: 5982K->5982K(1060864K)], 0.0133497 secs] [Times: user=0.02 sys=0.00, real=0.01 secs] 
[Full GC (Metadata GC Threshold) [CMS: 1576K->1576K(131072K), 0.0132831 secs] 15240K->1576K(190144K), [Metaspace: 5983K->5983K(1060864K)], 0.0147683 secs] [Times: user=0.02 sys=0.00, real=0.01 secs] 
[GC (CMS Initial Mark) [1 CMS-initial-mark: 1576K(131072K)] 2627K(190144K), 0.0001950 secs] [Times: user=0.00 sys=0.00, real=0.00 secs] 
[CMS-concurrent-mark-start]
[CMS-concurrent-mark: 0.007/0.007 secs] [Times: user=0.00 sys=0.00, real=0.01 secs] 
[CMS-concurrent-preclean-start]
[CMS-concurrent-preclean: 0.000/0.000 secs] [Times: user=0.00 sys=0.00, real=0.00 secs] 
[CMS-concurrent-abortable-preclean-start]
[Full GC (Metadata GC Threshold) [CMS[CMS-concurrent-abortable-preclean: 0.000/0.064 secs] [Times: user=0.06 sys=0.00, real=0.06 secs] 
 (concurrent mode failure): 1576K->1576K(131072K), 0.0124172 secs] 15240K->1576K(190144K), [Metaspace: 5983K->5983K(1060864K)], 0.0139048 secs] [Times: user=0.02 sys=0.00, real=0.01 secs] 
[Full GC (Metadata GC Threshold) [CMS: 1576K->1576K(131072K), 0.0114278 secs] 15240K->1576K(190144K), [Metaspace: 5983K->5983K(1060864K)], 0.0128673 secs] [Times: user=0.00 sys=0.02, real=0.01 secs] 
[GC (CMS Initial Mark) [1 CMS-initial-mark: 1576K(131072K)] 2627K(190144K), 0.0002293 secs] [Times: user=0.00 sys=0.00, real=0.00 secs] 
[CMS-concurrent-mark-start]
[CMS-concurrent-mark: 0.007/0.007 secs] [Times: user=0.00 sys=0.00, real=0.01 secs] 
[CMS-concurrent-preclean-start]
[CMS-concurrent-preclean: 0.000/0.000 secs] [Times: user=0.00 sys=0.00, real=0.00 secs] 
[CMS-concurrent-abortable-preclean-start]
[Full GC (Metadata GC Threshold) [CMS[CMS-concurrent-abortable-preclean: 0.000/0.064 secs] [Times: user=0.06 sys=0.00, real=0.06 secs] 
 (concurrent mode failure): 1576K->1576K(131072K), 0.0139394 secs] 15240K->1576K(190144K), [Metaspace: 5983K->5983K(1060864K)], 0.0154856 secs] [Times: user=0.02 sys=0.00, real=0.02 secs] 
[Full GC (Metadata GC Threshold) [CMS: 1576K->1576K(131072K), 0.0118416 secs] 15240K->1576K(190144K), [Metaspace: 5983K->5983K(1060864K)], 0.0132503 secs] [Times: user=0.02 sys=0.00, real=0.01 secs] 
[GC (CMS Initial Mark) [1 CMS-initial-mark: 1576K(131072K)] 2627K(190144K), 0.0001258 secs] [Times: user=0.00 sys=0.00, real=0.00 secs] 
[CMS-concurrent-mark-start]
[CMS-concurrent-mark: 0.007/0.007 secs] [Times: user=0.00 sys=0.00, real=0.01 secs] 
[CMS-concurrent-preclean-start]
[CMS-concurrent-preclean: 0.000/0.000 secs] [Times: user=0.00 sys=0.00, real=0.00 secs] 
[CMS-concurrent-abortable-preclean-start]
[Full GC (Metadata GC Threshold) [CMS[CMS-concurrent-abortable-preclean: 0.000/0.063 secs] [Times: user=0.08 sys=0.00, real=0.06 secs] 
 (concurrent mode failure): 1576K->1576K(131072K), 0.0119885 secs] 15240K->1576K(190144K), [Metaspace: 5983K->5983K(1060864K)], 0.0133702 secs] [Times: user=0.02 sys=0.00, real=0.01 secs] 
[Full GC (Metadata GC Threshold) [CMS: 1576K->1576K(131072K), 0.0134022 secs] 15240K->1576K(190144K), [Metaspace: 5983K->5983K(1060864K)], 0.0148384 secs] [Times: user=0.02 sys=0.00, real=0.02 secs] 
[GC (CMS Initial Mark) [1 CMS-initial-mark: 1576K(131072K)] 2627K(190144K), 0.0002252 secs] [Times: user=0.00 sys=0.00, real=0.00 secs] 
[CMS-concurrent-mark-start]
[CMS-concurrent-mark: 0.007/0.007 secs] [Times: user=0.00 sys=0.00, real=0.01 secs] 
[CMS-concurrent-preclean-start]
[CMS-concurrent-preclean: 0.000/0.000 secs] [Times: user=0.00 sys=0.00, real=0.00 secs] 
[CMS-concurrent-abortable-preclean-start]
[Full GC (Metadata GC Threshold) [CMS[CMS-concurrent-abortable-preclean: 0.000/0.063 secs] [Times: user=0.08 sys=0.00, real=0.06 secs] 
 (concurrent mode failure): 1576K->1576K(131072K), 0.0122175 secs] 15240K->1576K(190144K), [Metaspace: 5983K->5983K(1060864K)], 0.0136705 secs] [Times: user=0.02 sys=0.00, real=0.01 secs] 
[Full GC (Metadata GC Threshold) [CMS: 1576K->1576K(131072K), 0.0120656 secs] 15240K->1576K(190144K), [Metaspace: 5983K->5983K(1060864K)], 0.0134417 secs] [Times: user=0.02 sys=0.00, real=0.01 secs] 
[GC (CMS Initial Mark) [1 CMS-initial-mark: 1576K(131072K)] 2627K(190144K), 0.0002495 secs] [Times: user=0.00 sys=0.00, real=0.00 secs] 
[CMS-concurrent-mark-start]
[CMS-concurrent-mark: 0.007/0.007 secs] [Times: user=0.02 sys=0.02, real=0.01 secs] 
[CMS-concurrent-preclean-start]
[CMS-concurrent-preclean: 0.000/0.000 secs] [Times: user=0.00 sys=0.00, real=0.00 secs] 
[CMS-concurrent-abortable-preclean-start]
[Full GC (Metadata GC Threshold) [CMS[CMS-concurrent-abortable-preclean: 0.000/0.077 secs] [Times: user=0.08 sys=0.00, real=0.08 secs] 
 (concurrent mode failure): 1576K->1576K(131072K), 0.0167339 secs] 15240K->1576K(190144K), [Metaspace: 5983K->5983K(1060864K)], 0.0186012 secs] [Times: user=0.02 sys=0.00, real=0.02 secs] 
[Full GC (Metadata GC Threshold) [CMS: 1576K->1576K(131072K), 0.0161377 secs] 15240K->1576K(190144K), [Metaspace: 5983K->5983K(1060864K)], 0.0192908 secs] [Times: user=0.02 sys=0.00, real=0.02 secs] 
[GC (CMS Initial Mark) [1 CMS-initial-mark: 1576K(131072K)] 2627K(190144K), 0.0001205 secs] [Times: user=0.00 sys=0.00, real=0.00 secs] 
[CMS-concurrent-mark-start]
[CMS-concurrent-mark: 0.008/0.008 secs] [Times: user=0.03 sys=0.00, real=0.01 secs] 
[CMS-concurrent-preclean-start]
[CMS-concurrent-preclean: 0.000/0.000 secs] [Times: user=0.00 sys=0.00, real=0.00 secs] 
[CMS-concurrent-abortable-preclean-start]
[Full GC (Metadata GC Threshold) [CMS[CMS-concurrent-abortable-preclean: 0.000/0.067 secs] [Times: user=0.05 sys=0.02, real=0.07 secs] 
 (concurrent mode failure): 1576K->1576K(131072K), 0.0157782 secs] 15240K->1576K(190144K), [Metaspace: 5983K->5983K(1060864K)], 0.0172385 secs] [Times: user=0.01 sys=0.00, real=0.02 secs] 
[Full GC (Metadata GC Threshold) [CMS: 1576K->1576K(131072K), 0.0133514 secs] 15240K->1576K(190144K), [Metaspace: 5983K->5983K(1060864K)], 0.0147648 secs] [Times: user=0.02 sys=0.00, real=0.02 secs] 
[GC (CMS Initial Mark) [1 CMS-initial-mark: 1576K(131072K)] 2627K(190144K), 0.0001023 secs] [Times: user=0.00 sys=0.00, real=0.00 secs] 
[CMS-concurrent-mark-start]
[CMS-concurrent-mark: 0.007/0.007 secs] [Times: user=0.03 sys=0.00, real=0.01 secs] 
[CMS-concurrent-preclean-start]
[CMS-concurrent-preclean: 0.000/0.000 secs] [Times: user=0.00 sys=0.00, real=0.00 secs] 
[CMS-concurrent-abortable-preclean-start]
[Full GC (Metadata GC Threshold) [CMS[CMS-concurrent-abortable-preclean: 0.000/0.061 secs] [Times: user=0.05 sys=0.01, real=0.06 secs] 
 (concurrent mode failure): 1576K->1576K(131072K), 0.0122137 secs] 15240K->1576K(190144K), [Metaspace: 5983K->5983K(1060864K)], 0.0135901 secs] [Times: user=0.00 sys=0.00, real=0.01 secs] 
[Full GC (Metadata GC Threshold) [CMS: 1576K->1576K(131072K), 0.0146147 secs] 15240K->1576K(190144K), [Metaspace: 5983K->5983K(1060864K)], 0.0162274 secs] [Times: user=0.02 sys=0.00, real=0.02 secs] 
[GC (CMS Initial Mark) [1 CMS-initial-mark: 1576K(131072K)] 2627K(190144K), 0.0001589 secs] [Times: user=0.00 sys=0.00, real=0.00 secs] 
[CMS-concurrent-mark-start]
[CMS-concurrent-mark: 0.008/0.008 secs] [Times: user=0.03 sys=0.00, real=0.01 secs] 
[CMS-concurrent-preclean-start]
[CMS-concurrent-preclean: 0.000/0.000 secs] [Times: user=0.00 sys=0.00, real=0.00 secs] 
[CMS-concurrent-abortable-preclean-start]
[Full GC (Metadata GC Threshold) [CMS[CMS-concurrent-abortable-preclean: 0.000/0.063 secs] [Times: user=0.06 sys=0.00, real=0.06 secs] 
 (concurrent mode failure): 1576K->1576K(131072K), 0.0122958 secs] 15240K->1576K(190144K), [Metaspace: 5983K->5983K(1060864K)], 0.0138238 secs] [Times: user=0.02 sys=0.00, real=0.01 secs] 
[Full GC (Metadata GC Threshold) [CMS: 1576K->1576K(131072K), 0.0122354 secs] 15240K->1576K(190144K), [Metaspace: 5983K->5983K(1060864K)], 0.0136555 secs] [Times: user=0.02 sys=0.00, real=0.01 secs] 
[GC (CMS Initial Mark) [1 CMS-initial-mark: 1576K(131072K)] 2627K(190144K), 0.0002660 secs] [Times: user=0.00 sys=0.00, real=0.00 secs] 
[CMS-concurrent-mark-start]
[CMS-concurrent-mark: 0.007/0.007 secs] [Times: user=0.00 sys=0.00, real=0.01 secs] 
[CMS-concurrent-preclean-start]
[CMS-concurrent-preclean: 0.000/0.000 secs] [Times: user=0.00 sys=0.00, real=0.00 secs] 
[CMS-concurrent-abortable-preclean-start]
[Full GC (Metadata GC Threshold) [CMS[CMS-concurrent-abortable-preclean: 0.000/0.066 secs] [Times: user=0.08 sys=0.00, real=0.07 secs] 
 (concurrent mode failure): 1576K->1576K(131072K), 0.0135259 secs] 15240K->1576K(190144K), [Metaspace: 5983K->5983K(1060864K)], 0.0159981 secs] [Times: user=0.02 sys=0.00, real=0.02 secs] 
[Full GC (Metadata GC Threshold) [CMS: 1576K->1576K(131072K), 0.0120457 secs] 15240K->1576K(190144K), [Metaspace: 5983K->5983K(1060864K)], 0.0134341 secs] [Times: user=0.01 sys=0.00, real=0.01 secs] 
[GC (CMS Initial Mark) [1 CMS-initial-mark: 1576K(131072K)] 2627K(190144K), 0.0001630 secs] [Times: user=0.00 sys=0.00, real=0.00 secs] 
[CMS-concurrent-mark-start]
[CMS-concurrent-mark: 0.007/0.007 secs] [Times: user=0.03 sys=0.00, real=0.01 secs] 
[CMS-concurrent-preclean-start]
[CMS-concurrent-preclean: 0.000/0.000 secs] [Times: user=0.00 sys=0.00, real=0.00 secs] 
[CMS-concurrent-abortable-preclean-start]
[Full GC (Metadata GC Threshold) [CMS[CMS-concurrent-abortable-preclean: 0.000/0.063 secs] [Times: user=0.06 sys=0.00, real=0.06 secs] 
 (concurrent mode failure): 1576K->1576K(131072K), 0.0117876 secs] 15240K->1576K(190144K), [Metaspace: 5983K->5983K(1060864K)], 0.0131406 secs] [Times: user=0.02 sys=0.00, real=0.01 secs] 
[Full GC (Metadata GC Threshold) [CMS: 1576K->1576K(131072K), 0.0135291 secs] 15240K->1576K(190144K), [Metaspace: 5983K->5983K(1060864K)], 0.0154087 secs] [Times: user=0.02 sys=0.00, real=0.01 secs] 
[GC (CMS Initial Mark) [1 CMS-initial-mark: 1576K(131072K)] 2627K(190144K), 0.0001759 secs] [Times: user=0.00 sys=0.00, real=0.00 secs] 
[CMS-concurrent-mark-start]
[CMS-concurrent-mark: 0.007/0.007 secs] [Times: user=0.03 sys=0.00, real=0.01 secs] 
[CMS-concurrent-preclean-start]
[CMS-concurrent-preclean: 0.001/0.001 secs] [Times: user=0.00 sys=0.00, real=0.00 secs] 
[CMS-concurrent-abortable-preclean-start]
[Full GC (Metadata GC Threshold) [CMS[CMS-concurrent-abortable-preclean: 0.000/0.063 secs] [Times: user=0.06 sys=0.00, real=0.06 secs] 
 (concurrent mode failure): 1576K->1576K(131072K), 0.0120008 secs] 15240K->1576K(190144K), [Metaspace: 5983K->5983K(1060864K)], 0.0138121 secs] [Times: user=0.02 sys=0.00, real=0.01 secs] 
[Full GC (Metadata GC Threshold) [CMS: 1576K->1576K(131072K), 0.0115448 secs] 15240K->1576K(190144K), [Metaspace: 5983K->5983K(1060864K)], 0.0129318 secs] [Times: user=0.02 sys=0.00, real=0.01 secs] 
[GC (CMS Initial Mark) [1 CMS-initial-mark: 1576K(131072K)] 2627K(190144K), 0.0001466 secs] [Times: user=0.00 sys=0.00, real=0.00 secs] 
[CMS-concurrent-mark-start]
[CMS-concurrent-mark: 0.007/0.007 secs] [Times: user=0.00 sys=0.00, real=0.01 secs] 
[CMS-concurrent-preclean-start]
[CMS-concurrent-preclean: 0.000/0.000 secs] [Times: user=0.00 sys=0.00, real=0.00 secs] 
[CMS-concurrent-abortable-preclean-start]
[Full GC (Metadata GC Threshold) [CMS[CMS-concurrent-abortable-preclean: 0.000/0.063 secs] [Times: user=0.06 sys=0.00, real=0.06 secs] 
 (concurrent mode failure): 1576K->1576K(131072K), 0.0142097 secs] 15240K->1576K(190144K), [Metaspace: 5983K->5983K(1060864K)], 0.0158149 secs] [Times: user=0.02 sys=0.00, real=0.02 secs] 
Heap
 par new generation   total 59072K, used 5255K [0x0000000740e00000, 0x0000000744e10000, 0x0000000755ac0000)
  eden space 52544K,  10% used [0x0000000740e00000, 0x0000000741321fa0, 0x0000000744150000)
  from space 6528K,   0% used [0x0000000744150000, 0x0000000744150000, 0x00000007447b0000)
  to   space 6528K,   0% used [0x00000007447b0000, 0x00000007447b0000, 0x0000000744e10000)
 concurrent mark-sweep generation total 131072K, used 1576K [0x0000000755ac0000, 0x000000075dac0000, 0x00000007ff800000)
 Metaspace       used 4700K, capacity 7546K, committed 13312K, reserved 1058816K
  class space    used 655K, capacity 1281K, committed 3840K, reserved 1048576K

Process finished with exit code 0
```